[[0, 51, 81, 144],
 [1, 89, 223, 219],
 [2, 24, 17],
 [3, 107, 115, 97, 235],
 [4, 220, 241],
 [5, 144, 242, 62, 93],
 [6, 20, 30, 11, 74],
 [7, 88, 101, 167],
 [8, 63, 206, 68],
 [9, 234, 135],
 [10, 29, 138, 117, 146],
 [11, 6, 131, 19, 92],
 [12, 141, 161, 27, 55],
 [13, 110, 247, 86, 188],
 [14, 38, 149, 208],
 [15, 71, 74, 30, 178],
 [16, 21, 163, 99, 210],
 [17, 2, 176, 48, 111],
 [18, 184, 190, 40, 129],
 [19, 11, 156, 41, 85],
 [20, 6, 245, 249, 94],
 [21, 16, 128, 167, 239],
 [22, 184, 190, 63, 78],
 [23, 121, 209, 31, 170],
 [24, 2, 221, 236, 111],
 [25, 143, 171, 44, 95],
 [26, 95, 196, 44, 162],
 [27, 12, 164, 117, 146],
 [28, 31, 235, 209],
 [29, 10, 59, 238, 223],
 [30, 6, 15, 131, 94],
 [31, 28, 23, 81, 73],
 [32, 110, 247, 106, 244],
 [33, 188, 244, 110, 225],
 [34, 203, 160],
 [35, 82, 218, 37, 53],
 [36, 61, 90, 103, 191],
 [37, 35, 118, 80, 232],
 [38, 14, 185, 230, 154],
 [39, 182, 197, 87, 134],
 [40, 18, 133, 58, 181],
 [41, 19, 43, 131, 140],
 [42, 72, 70, 147],
 [43, 41, 85, 153, 108],
 [44, 25, 26, 70, 147],
 [45, 130, 181, 155, 237],
 [46, 142, 198, 229],
 [47, 70, 137, 124, 165],
 [48, 17, 176, 205, 226],
 [49, 52, 150, 91, 98],
 [50, 53, 218, 194, 204],
 [51, 0, 54, 60, 193],
 [52, 49, 87, 134, 89],
 [53, 50, 35, 232],
 [54, 51, 183, 81],
 [55, 12, 164, 207, 214],
 [56, 220, 62, 93],
 [57, 84, 228, 136, 163],
 [58, 40, 78, 190, 233],
 [59, 29, 146, 207, 164],
 [60, 51, 144, 183],
 [61, 36, 86, 246, 76],
 [62, 5, 56, 142, 175],
 [63, 8, 22, 155, 130],
 [64, 169, 201, 119],
 [65, 101, 167, 132, 168],
 [66, 145, 237, 149, 227],
 [67, 80, 186, 207, 214],
 [68, 8, 227, 155, 237],
 [69, 171, 95, 222],
 [70, 47, 42, 44, 162],
 [71, 15, 92, 140, 131],
 [72, 42, 162, 166, 196],
 [73, 31, 235, 107, 121],
 [74, 15, 6, 249, 92],
 [75, 109, 186, 80, 118],
 [76, 61, 90, 172, 180],
 [77, 135, 165, 137, 234],
 [78, 58, 22, 155, 181],
 [79, 106, 112, 110, 225],
 [80, 67, 37, 75, 139],
 [81, 31, 0, 54],
 [82, 35, 100, 118, 177],
 [83, 98, 157, 136, 228],
 [84, 57, 114, 211, 197],
 [85, 43, 19, 125, 169],
 [86, 61, 13, 103, 126],
 [87, 52, 39, 157, 98],
 [88, 7, 210, 212],
 [89, 1, 52, 150, 148],
 [90, 36, 76, 102, 233],
 [91, 49, 134, 182],
 [92, 71, 11, 74, 156],
 [93, 5, 56, 193],
 [94, 20, 30, 112, 178],
 [95, 26, 25, 69, 189],
 [96, 149, 120, 145],
 [97, 3, 203, 152, 158],
 [98, 83, 49, 87],
 [99, 16, 239, 114],
 [100, 82, 194, 159],
 [101, 7, 65, 212, 231],
 [102, 90, 180, 191, 133],
 [103, 86, 36, 127, 247],
 [104, 227, 120, 145],
 [105, 119, 122, 200, 201],
 [106, 79, 32, 213, 243],
 [107, 3, 73, 158, 160],
 [108, 43, 122, 125],
 [109, 75, 139, 159, 161],
 [110, 13, 32, 33, 79],
 [111, 17, 24, 135, 202],
 [112, 79, 94, 213, 245],
 [113, 188, 244, 127, 247],
 [114, 84, 99, 216, 163],
 [115, 3, 116, 160, 203],
 [116, 115, 143, 222, 171],
 [117, 10, 27, 219, 238],
 [118, 37, 82, 75, 159],
 [119, 105, 64, 204, 153],
 [120, 96, 104, 154, 185],
 [121, 23, 73, 152],
 [122, 105, 108, 153, 195],
 [123, 208, 226, 230],
 [124, 47, 162, 166],
 [125, 85, 108, 195, 156],
 [126, 86, 246, 127, 188],
 [127, 103, 113, 126, 191],
 [128, 21, 163, 216],
 [129, 18, 133, 172, 180],
 [130, 45, 63, 206, 184],
 [131, 11, 30, 41, 71],
 [132, 65, 231, 248],
 [133, 40, 129, 102, 233],
 [134, 52, 91, 39, 148],
 [135, 77, 9, 111, 176],
 [136, 57, 83, 211],
 [137, 47, 77, 166],
 [138, 10, 215, 219, 223],
 [139, 109, 80, 232],
 [140, 71, 41, 156],
 [141, 12, 146, 207, 186],
 [142, 46, 62, 241, 220],
 [143, 25, 116, 147, 189],
 [144, 5, 60, 0, 170],
 [145, 66, 96, 104, 206],
 [146, 59, 141, 10, 27],
 [147, 143, 42, 44, 196],
 [148, 134, 89, 219, 215],
 [149, 14, 96, 66, 154],
 [150, 49, 89, 215, 223],
 [151, 224, 199, 231],
 [152, 121, 97, 209, 235],
 [153, 43, 122, 119, 169],
 [154, 149, 38, 120, 227],
 [155, 63, 78, 45, 68],
 [156, 19, 140, 92, 125],
 [157, 83, 87, 197, 211],
 [158, 107, 97],
 [159, 109, 118, 100, 232],
 [160, 115, 34, 107, 171],
 [161, 12, 109, 214, 186],
 [162, 72, 124, 26, 70],
 [163, 16, 128, 57, 114],
 [164, 27, 55, 59, 238],
 [165, 77, 47, 176],
 [166, 72, 137, 124, 234],
 [167, 21, 65, 7, 210],
 [168, 65, 248, 210, 212],
 [169, 64, 153, 85, 195],
 [170, 144, 23, 183],
 [171, 25, 69, 116, 160],
 [172, 76, 129, 190, 233],
 [173, 177, 200, 179, 201],
 [174, 187, 199, 248],
 [175, 62, 192, 242],
 [176, 17, 48, 135, 165],
 [177, 173, 82, 194, 218],
 [178, 15, 94, 213, 249],
 [179, 173, 204, 218],
 [180, 102, 76, 129],
 [181, 45, 40, 78, 184],
 [182, 39, 91],
 [183, 54, 60, 170, 209],
 [184, 18, 22, 130, 181],
 [185, 38, 120, 236],
 [186, 67, 75, 141, 161],
 [187, 174, 229, 198],
 [188, 33, 113, 13, 126],
 [189, 143, 95, 196, 222],
 [190, 18, 22, 58, 172],
 [191, 102, 36, 127, 246],
 [192, 175, 193],
 [193, 192, 51, 93, 242],
 [194, 100, 177, 50],
 [195, 125, 169, 122, 201],
 [196, 26, 189, 72, 147],
 [197, 39, 157, 84, 228],
 [198, 46, 187, 199, 220],
 [199, 174, 198, 151, 217],
 [200, 173, 105, 204],
 [201, 64, 195, 105, 173],
 [202, 111, 226, 221],
 [203, 34, 97, 115],
 [204, 119, 200, 50, 179],
 [205, 48, 234],
 [206, 8, 130, 145, 237],
 [207, 59, 141, 55, 67],
 [208, 123, 14, 221, 236],
 [209, 23, 152, 28, 183],
 [210, 88, 167, 16, 168],
 [211, 84, 157, 136, 216],
 [212, 101, 88, 168, 217],
 [213, 106, 112, 178, 240],
 [214, 161, 55, 67],
 [215, 138, 150, 148],
 [216, 114, 211, 128, 239],
 [217, 199, 212, 248, 231],
 [218, 35, 50, 177, 179],
 [219, 138, 148, 1, 117],
 [220, 4, 56, 142, 198],
 [221, 24, 208, 202],
 [222, 116, 69, 189],
 [223, 1, 150, 29, 138],
 [224, 151, 229],
 [225, 33, 79, 243, 245],
 [226, 123, 202, 48],
 [227, 68, 104, 66, 154],
 [228, 57, 197, 83],
 [229, 187, 46, 224, 241],
 [230, 38, 123],
 [231, 101, 132, 151, 217],
 [232, 53, 159, 37, 139],
 [233, 90, 133, 58, 172],
 [234, 9, 166, 77, 205],
 [235, 28, 73, 3, 152],
 [236, 24, 185, 208],
 [237, 66, 206, 45, 68],
 [238, 29, 164, 117],
 [239, 99, 216, 21],
 [240, 213, 243, 245, 249],
 [241, 142, 4, 229],
 [242, 5, 175, 193],
 [243, 240, 106, 225],
 [244, 33, 113, 32],
 [245, 20, 240, 112, 225],
 [246, 61, 126, 191],
 [247, 13, 32, 103, 113],
 [248, 168, 217, 132, 174],
 [249, 20, 74, 178, 240]]
