[[1, 154, 244, 433],
 [4, 268, 670, 658],
 [7, 73, 52],
 [10, 322, 346, 292, 706],
 [13, 661, 724],
 [16, 433, 727, 187, 280],
 [19, 61, 91, 34, 223],
 [22, 265, 304, 502],
 [25, 190, 619, 205],
 [28, 703, 406],
 [31, 88, 415, 352, 439],
 [34, 19, 394, 58, 277],
 [37, 424, 484, 82, 166],
 [40, 331, 742, 259, 565],
 [43, 115, 448, 625],
 [46, 214, 223, 91, 535],
 [49, 64, 490, 298, 631],
 [52, 7, 529, 145, 334],
 [55, 553, 571, 121, 388],
 [58, 34, 469, 124, 256],
 [61, 19, 736, 748, 283],
 [64, 49, 385, 502, 718],
 [67, 553, 571, 190, 235],
 [70, 364, 628, 94, 511],
 [73, 7, 664, 709, 334],
 [76, 430, 514, 133, 286],
 [79, 286, 589, 133, 487],
 [82, 37, 493, 352, 439],
 [85, 94, 706, 628],
 [88, 31, 178, 715, 670],
 [91, 19, 46, 394, 283],
 [94, 85, 70, 244, 220],
 [97, 331, 742, 319, 733],
 [100, 565, 733, 331, 676],
 [103, 610, 481],
 [106, 247, 655, 112, 160],
 [109, 184, 271, 310, 574],
 [112, 106, 355, 241, 697],
 [115, 43, 556, 691, 463],
 [118, 547, 592, 262, 403],
 [121, 55, 400, 175, 544],
 [124, 58, 130, 394, 421],
 [127, 217, 211, 442],
 [130, 124, 256, 460, 325],
 [133, 76, 79, 211, 442],
 [136, 391, 544, 466, 712],
 [139, 427, 595, 688],
 [142, 211, 412, 373, 496],
 [145, 52, 529, 616, 679],
 [148, 157, 451, 274, 295],
 [151, 160, 655, 583, 613],
 [154, 1, 163, 181, 580],
 [157, 148, 262, 403, 268],
 [160, 151, 106, 697],
 [163, 154, 550, 244],
 [166, 37, 493, 622, 643],
 [169, 661, 187, 280],
 [172, 253, 685, 409, 490],
 [175, 121, 235, 571, 700],
 [178, 88, 439, 622, 493],
 [181, 154, 433, 550],
 [184, 109, 259, 739, 229],
 [187, 16, 169, 427, 526],
 [190, 25, 67, 466, 391],
 [193, 508, 604, 358],
 [196, 304, 502, 397, 505],
 [199, 436, 712, 448, 682],
 [202, 241, 559, 622, 643],
 [205, 25, 682, 466, 712],
 [208, 514, 286, 667],
 [211, 142, 127, 133, 487],
 [214, 46, 277, 421, 394],
 [217, 127, 487, 499, 589],
 [220, 94, 706, 322, 364],
 [223, 46, 19, 748, 277],
 [226, 328, 559, 241, 355],
 [229, 184, 271, 517, 541],
 [232, 406, 496, 412, 703],
 [235, 175, 67, 466, 544],
 [238, 319, 337, 331, 676],
 [241, 202, 112, 226, 418],
 [244, 94, 1, 163],
 [247, 106, 301, 355, 532],
 [250, 295, 472, 409, 685],
 [253, 172, 343, 634, 592],
 [256, 130, 58, 376, 508],
 [259, 184, 40, 310, 379],
 [262, 157, 118, 472, 295],
 [265, 22, 631, 637],
 [268, 4, 157, 451, 445],
 [271, 109, 229, 307, 700],
 [274, 148, 403, 547],
 [277, 214, 34, 223, 469],
 [280, 16, 169, 580],
 [283, 61, 91, 337, 535],
 [286, 79, 76, 208, 568],
 [289, 448, 361, 436],
 [292, 10, 610, 457, 475],
 [295, 250, 148, 262],
 [298, 49, 718, 343],
 [301, 247, 583, 478],
 [304, 22, 196, 637, 694],
 [307, 271, 541, 574, 400],
 [310, 259, 109, 382, 742],
 [313, 682, 361, 436],
 [316, 358, 367, 601, 604],
 [319, 238, 97, 640, 730],
 [322, 10, 220, 475, 481],
 [325, 130, 367, 376],
 [328, 226, 418, 478, 484],
 [331, 40, 97, 100, 238],
 [334, 52, 73, 406, 607],
 [337, 238, 283, 640, 736],
 [340, 565, 733, 382, 742],
 [343, 253, 298, 649, 490],
 [346, 10, 349, 481, 610],
 [349, 346, 430, 667, 514],
 [352, 31, 82, 658, 715],
 [355, 112, 247, 226, 478],
 [358, 316, 193, 613, 460],
 [361, 289, 313, 463, 556],
 [364, 70, 220, 457],
 [367, 316, 325, 460, 586],
 [370, 625, 679, 691],
 [373, 142, 487, 499],
 [376, 256, 325, 586, 469],
 [379, 259, 739, 382, 565],
 [382, 310, 340, 379, 574],
 [385, 64, 490, 649],
 [388, 55, 400, 517, 541],
 [391, 136, 190, 619, 553],
 [394, 34, 91, 124, 214],
 [397, 196, 694, 745],
 [400, 121, 388, 307, 700],
 [403, 157, 274, 118, 445],
 [406, 232, 28, 334, 529],
 [409, 172, 250, 634],
 [412, 142, 232, 499],
 [415, 31, 646, 658, 670],
 [418, 328, 241, 697],
 [421, 214, 124, 469],
 [424, 37, 439, 622, 559],
 [427, 139, 187, 724, 661],
 [430, 76, 349, 442, 568],
 [433, 16, 181, 1, 511],
 [436, 199, 289, 313, 619],
 [439, 178, 424, 31, 82],
 [442, 430, 127, 133, 589],
 [445, 403, 268, 658, 646],
 [448, 43, 289, 199, 463],
 [451, 148, 268, 646, 670],
 [454, 673, 598, 694],
 [457, 364, 292, 628, 706],
 [460, 130, 367, 358, 508],
 [463, 448, 115, 361, 682],
 [466, 190, 235, 136, 205],
 [469, 58, 421, 277, 376],
 [472, 250, 262, 592, 634],
 [475, 322, 292],
 [478, 328, 355, 301, 697],
 [481, 346, 103, 322, 514],
 [484, 37, 328, 643, 559],
 [487, 217, 373, 79, 211],
 [490, 49, 385, 172, 343],
 [493, 82, 166, 178, 715],
 [496, 232, 142, 529],
 [499, 217, 412, 373, 703],
 [502, 64, 196, 22, 631],
 [505, 196, 745, 631, 637],
 [508, 193, 460, 256, 586],
 [511, 433, 70, 550],
 [514, 76, 208, 349, 481],
 [517, 229, 388, 571, 700],
 [520, 532, 601, 538, 604],
 [523, 562, 598, 745],
 [526, 187, 577, 727],
 [529, 52, 145, 406, 496],
 [532, 520, 247, 583, 655],
 [535, 46, 283, 640, 748],
 [538, 520, 613, 655],
 [541, 307, 229, 388],
 [544, 136, 121, 235, 553],
 [547, 118, 274],
 [550, 163, 181, 511, 628],
 [553, 55, 67, 391, 544],
 [556, 115, 361, 709],
 [559, 202, 226, 424, 484],
 [562, 523, 688, 595],
 [565, 100, 340, 40, 379],
 [568, 430, 286, 589, 667],
 [571, 55, 67, 175, 517],
 [574, 307, 109, 382, 739],
 [577, 526, 580],
 [580, 577, 154, 280, 727],
 [583, 301, 532, 151],
 [586, 376, 508, 367, 604],
 [589, 79, 568, 217, 442],
 [592, 118, 472, 253, 685],
 [595, 139, 562, 598, 661],
 [598, 523, 595, 454, 652],
 [601, 520, 316, 613],
 [604, 193, 586, 316, 520],
 [607, 334, 679, 664],
 [610, 103, 292, 346],
 [613, 358, 601, 151, 538],
 [616, 145, 703],
 [619, 25, 391, 436, 712],
 [622, 178, 424, 166, 202],
 [625, 370, 43, 664, 709],
 [628, 70, 457, 85, 550],
 [631, 265, 502, 49, 505],
 [634, 253, 472, 409, 649],
 [637, 304, 265, 505, 652],
 [640, 319, 337, 535, 721],
 [643, 484, 166, 202],
 [646, 415, 451, 445],
 [649, 343, 634, 385, 718],
 [652, 598, 637, 745, 694],
 [655, 106, 151, 532, 538],
 [658, 415, 445, 4, 352],
 [661, 13, 169, 427, 595],
 [664, 73, 625, 607],
 [667, 349, 208, 568],
 [670, 4, 451, 88, 415],
 [673, 454, 688],
 [676, 100, 238, 730, 736],
 [679, 370, 607, 145],
 [682, 205, 313, 199, 463],
 [685, 172, 592, 250],
 [688, 562, 139, 673, 724],
 [691, 115, 370],
 [694, 304, 397, 454, 652],
 [697, 160, 478, 112, 418],
 [700, 271, 400, 175, 517],
 [703, 28, 499, 232, 616],
 [706, 85, 220, 10, 457],
 [709, 73, 556, 625],
 [712, 199, 619, 136, 205],
 [715, 88, 493, 352],
 [718, 298, 649, 64],
 [721, 640, 730, 736, 748],
 [724, 427, 13, 688],
 [727, 16, 526, 580],
 [730, 721, 319, 676],
 [733, 100, 340, 97],
 [736, 61, 721, 337, 676],
 [739, 184, 379, 574],
 [742, 40, 97, 310, 340],
 [745, 505, 652, 397, 523],
 [748, 61, 223, 535, 721]]
